> Task :gradle-plugin:compileKotlin UP-TO-DATE
> Task :gradle-plugin:compileJava NO-SOURCE
> Task :gradle-plugin:pluginDescriptors UP-TO-DATE
> Task :gradle-plugin:processResources UP-TO-DATE
> Task :gradle-plugin:classes UP-TO-DATE
> Task :gradle-plugin:jar UP-TO-DATE
> Task :gradle-plugin:inspectClassesForKotlinIC UP-TO-DATE

> Configure project :notifee_react-native
:notifee_react-native @notifee/react-native found at C:\Users\davinderpal.singh\FinanceApp\node_modules\@notifee\react-native
:notifee_react-native package.json found at C:\Users\davinderpal.singh\FinanceApp\node_modules\@notifee\react-native\package.json
:notifee_react-native:version set from package.json: 7.9.0 (7,9,0 - 7009000)
:notifee_react-native:android.compileSdk using custom value: 34
:notifee_react-native:android.targetSdk using custom value: 34
:notifee_react-native:android.minSdk using custom value: 23
:notifee_react-native:reactNativeAndroidDir C:\Users\davinderpal.singh\FinanceApp\node_modules\react-native\android

> Configure project :react-native-firebase_app
:react-native-firebase_app package.json found at C:\Users\davinderpal.singh\FinanceApp\node_modules\@react-native-firebase\app\package.json
:react-native-firebase_app:firebase.bom using default value: 33.1.2
:react-native-firebase_app:play.play-services-auth using default value: 21.2.0
:react-native-firebase_app package.json found at C:\Users\davinderpal.singh\FinanceApp\node_modules\@react-native-firebase\app\package.json
:react-native-firebase_app:version set from package.json: 20.5.0 (20,5,0 - 20005000)
:react-native-firebase_app:android.compileSdk using custom value: 34
:react-native-firebase_app:android.targetSdk using custom value: 34
:react-native-firebase_app:android.minSdk using custom value: 23
:react-native-firebase_app:reactNativeAndroidDir C:\Users\davinderpal.singh\FinanceApp\node_modules\react-native\android

> Configure project :react-native-firebase_auth
:react-native-firebase_auth package.json found at C:\Users\davinderpal.singh\FinanceApp\node_modules\@react-native-firebase\auth\package.json
:react-native-firebase_app package.json found at C:\Users\davinderpal.singh\FinanceApp\node_modules\@react-native-firebase\app\package.json
:react-native-firebase_auth:firebase.bom using default value: 33.1.2
:react-native-firebase_auth package.json found at C:\Users\davinderpal.singh\FinanceApp\node_modules\@react-native-firebase\auth\package.json
:react-native-firebase_auth:version set from package.json: 20.5.0 (20,5,0 - 20005000)
:react-native-firebase_auth:android.compileSdk using custom value: 34
:react-native-firebase_auth:android.targetSdk using custom value: 34
:react-native-firebase_auth:android.minSdk using custom value: 23
:react-native-firebase_auth:reactNativeAndroidDir C:\Users\davinderpal.singh\FinanceApp\node_modules\react-native\android

> Configure project :react-native-firebase_firestore
:react-native-firebase_firestore package.json found at C:\Users\davinderpal.singh\FinanceApp\node_modules\@react-native-firebase\firestore\package.json
:react-native-firebase_app package.json found at C:\Users\davinderpal.singh\FinanceApp\node_modules\@react-native-firebase\app\package.json
:react-native-firebase_firestore:firebase.bom using default value: 33.1.2
:react-native-firebase_firestore package.json found at C:\Users\davinderpal.singh\FinanceApp\node_modules\@react-native-firebase\firestore\package.json
:react-native-firebase_firestore:version set from package.json: 20.5.0 (20,5,0 - 20005000)
:react-native-firebase_firestore:android.compileSdk using custom value: 34
:react-native-firebase_firestore:android.targetSdk using custom value: 34
:react-native-firebase_firestore:android.minSdk using custom value: 23
:react-native-firebase_firestore:reactNativeAndroidDir C:\Users\davinderpal.singh\FinanceApp\node_modules\react-native\android

> Configure project :react-native-reanimated
Android gradle plugin: 8.1.1
Gradle: 8.3
WARNING: The specified Android SDK Build Tools version (33.0.0) is ignored, as it is below the minimum supported version (33.0.1) for Android Gradle Plugin 8.1.1.
Android SDK Build Tools 33.0.1 will be used.
To suppress this warning, remove "buildToolsVersion '33.0.0'" from your build.gradle file, as each version of the Android Gradle Plugin now has a default version of the build tools.

> Task :app:generateCodegenSchemaFromJavaScript SKIPPED
> Task :app:generateCodegenArtifactsFromSchema SKIPPED
> Task :app:generatePackageList
> Task :app:preBuild
> Task :app:preDebugBuild
> Task :app:mergeDebugNativeDebugMetadata NO-SOURCE
> Task :app:generateDebugBuildConfig UP-TO-DATE
> Task :notifee_react-native:preBuild UP-TO-DATE
> Task :notifee_react-native:preDebugBuild UP-TO-DATE
> Task :notifee_react-native:writeDebugAarMetadata UP-TO-DATE
> Task :react-native-async-storage_async-storage:preBuild UP-TO-DATE
> Task :react-native-async-storage_async-storage:preDebugBuild UP-TO-DATE
> Task :react-native-async-storage_async-storage:writeDebugAarMetadata UP-TO-DATE
> Task :react-native-background-fetch:preBuild UP-TO-DATE
> Task :react-native-background-fetch:preDebugBuild UP-TO-DATE
> Task :react-native-background-fetch:writeDebugAarMetadata UP-TO-DATE
> Task :react-native-contacts:preBuild UP-TO-DATE
> Task :react-native-contacts:preDebugBuild UP-TO-DATE
> Task :react-native-contacts:writeDebugAarMetadata UP-TO-DATE
> Task :react-native-firebase_app:preBuild UP-TO-DATE
> Task :react-native-firebase_app:preDebugBuild UP-TO-DATE
> Task :react-native-firebase_app:writeDebugAarMetadata UP-TO-DATE
> Task :react-native-firebase_auth:preBuild UP-TO-DATE
> Task :react-native-firebase_auth:preDebugBuild UP-TO-DATE
> Task :react-native-firebase_auth:writeDebugAarMetadata UP-TO-DATE
> Task :react-native-firebase_firestore:preBuild UP-TO-DATE
> Task :react-native-firebase_firestore:preDebugBuild UP-TO-DATE
> Task :react-native-firebase_firestore:writeDebugAarMetadata UP-TO-DATE
> Task :react-native-gesture-handler:preBuild UP-TO-DATE
> Task :react-native-gesture-handler:preDebugBuild UP-TO-DATE
> Task :react-native-gesture-handler:writeDebugAarMetadata UP-TO-DATE
> Task :react-native-google-signin_google-signin:preBuild UP-TO-DATE
> Task :react-native-google-signin_google-signin:preDebugBuild UP-TO-DATE
> Task :react-native-google-signin_google-signin:writeDebugAarMetadata UP-TO-DATE
> Task :react-native-permissions:preBuild UP-TO-DATE
> Task :react-native-permissions:preDebugBuild UP-TO-DATE
> Task :react-native-permissions:writeDebugAarMetadata UP-TO-DATE
> Task :react-native-reanimated:assertLatestReactNativeWithNewArchitectureTask SKIPPED
> Task :react-native-reanimated:assertMinimalReactNativeVersionTask SKIPPED
> Task :react-native-reanimated:prepareHeadersForPrefab UP-TO-DATE
> Task :react-native-reanimated:preBuild UP-TO-DATE
> Task :react-native-reanimated:preDebugBuild UP-TO-DATE
> Task :react-native-reanimated:writeDebugAarMetadata UP-TO-DATE
> Task :react-native-safe-area-context:preBuild UP-TO-DATE
> Task :react-native-safe-area-context:preDebugBuild UP-TO-DATE
> Task :react-native-safe-area-context:writeDebugAarMetadata UP-TO-DATE
> Task :react-native-screens:preBuild UP-TO-DATE
> Task :react-native-screens:preDebugBuild UP-TO-DATE
> Task :react-native-screens:writeDebugAarMetadata UP-TO-DATE
> Task :react-native-sqlite-storage:preBuild UP-TO-DATE
> Task :react-native-sqlite-storage:preDebugBuild UP-TO-DATE
> Task :react-native-sqlite-storage:writeDebugAarMetadata UP-TO-DATE
> Task :react-native-vector-icons:preBuild UP-TO-DATE
> Task :react-native-vector-icons:preDebugBuild UP-TO-DATE
> Task :react-native-vector-icons:writeDebugAarMetadata UP-TO-DATE
> Task :app:checkDebugAarMetadata UP-TO-DATE
> Task :app:generateDebugResValues UP-TO-DATE
> Task :app:processDebugGoogleServices UP-TO-DATE
> Task :notifee_react-native:generateDebugResValues UP-TO-DATE
> Task :notifee_react-native:generateDebugResources UP-TO-DATE
> Task :notifee_react-native:packageDebugResources UP-TO-DATE
> Task :react-native-async-storage_async-storage:generateDebugResValues UP-TO-DATE
> Task :react-native-async-storage_async-storage:generateDebugResources UP-TO-DATE
> Task :react-native-async-storage_async-storage:packageDebugResources UP-TO-DATE
> Task :react-native-background-fetch:generateDebugResValues UP-TO-DATE
> Task :react-native-background-fetch:generateDebugResources UP-TO-DATE
> Task :react-native-background-fetch:packageDebugResources UP-TO-DATE
> Task :react-native-contacts:generateDebugResValues UP-TO-DATE
> Task :react-native-contacts:generateDebugResources UP-TO-DATE
> Task :react-native-contacts:packageDebugResources UP-TO-DATE
> Task :react-native-firebase_app:generateDebugResValues UP-TO-DATE
> Task :react-native-firebase_app:generateDebugResources UP-TO-DATE
> Task :react-native-firebase_app:packageDebugResources UP-TO-DATE
> Task :react-native-firebase_auth:generateDebugResValues UP-TO-DATE
> Task :react-native-firebase_auth:generateDebugResources UP-TO-DATE
> Task :react-native-firebase_auth:packageDebugResources UP-TO-DATE
> Task :react-native-firebase_firestore:generateDebugResValues UP-TO-DATE
> Task :react-native-firebase_firestore:generateDebugResources UP-TO-DATE
> Task :react-native-firebase_firestore:packageDebugResources UP-TO-DATE
> Task :react-native-gesture-handler:generateDebugResValues UP-TO-DATE
> Task :react-native-gesture-handler:generateDebugResources UP-TO-DATE
> Task :react-native-gesture-handler:packageDebugResources UP-TO-DATE
> Task :react-native-google-signin_google-signin:generateDebugResValues UP-TO-DATE
> Task :react-native-google-signin_google-signin:generateDebugResources UP-TO-DATE
> Task :react-native-google-signin_google-signin:packageDebugResources UP-TO-DATE
> Task :react-native-permissions:generateDebugResValues UP-TO-DATE
> Task :react-native-permissions:generateDebugResources UP-TO-DATE
> Task :react-native-permissions:packageDebugResources UP-TO-DATE
> Task :react-native-reanimated:generateDebugResValues UP-TO-DATE
> Task :react-native-reanimated:generateDebugResources UP-TO-DATE
> Task :react-native-reanimated:packageDebugResources UP-TO-DATE
> Task :react-native-safe-area-context:generateDebugResValues UP-TO-DATE
> Task :react-native-safe-area-context:generateDebugResources UP-TO-DATE
> Task :react-native-safe-area-context:packageDebugResources UP-TO-DATE
> Task :react-native-screens:generateDebugResValues UP-TO-DATE
> Task :react-native-screens:generateDebugResources UP-TO-DATE
> Task :react-native-screens:packageDebugResources UP-TO-DATE
> Task :react-native-sqlite-storage:generateDebugResValues UP-TO-DATE
> Task :react-native-sqlite-storage:generateDebugResources UP-TO-DATE
> Task :react-native-sqlite-storage:packageDebugResources UP-TO-DATE
> Task :react-native-vector-icons:generateDebugResValues UP-TO-DATE
> Task :react-native-vector-icons:generateDebugResources UP-TO-DATE
> Task :react-native-vector-icons:packageDebugResources UP-TO-DATE
> Task :app:mapDebugSourceSetPaths UP-TO-DATE
> Task :app:generateDebugResources UP-TO-DATE
> Task :app:mergeDebugResources UP-TO-DATE
> Task :app:packageDebugResources UP-TO-DATE
> Task :app:parseDebugLocalResources UP-TO-DATE
> Task :app:createDebugCompatibleScreenManifests UP-TO-DATE
> Task :app:extractDeepLinksDebug UP-TO-DATE
> Task :notifee_react-native:extractDeepLinksDebug UP-TO-DATE
> Task :notifee_react-native:processDebugManifest UP-TO-DATE
> Task :react-native-async-storage_async-storage:extractDeepLinksDebug UP-TO-DATE
> Task :react-native-async-storage_async-storage:processDebugManifest UP-TO-DATE
> Task :react-native-background-fetch:extractDeepLinksDebug UP-TO-DATE
> Task :react-native-background-fetch:processDebugManifest UP-TO-DATE
> Task :react-native-contacts:extractDeepLinksDebug UP-TO-DATE
> Task :react-native-contacts:processDebugManifest UP-TO-DATE
> Task :react-native-firebase_app:extractDeepLinksDebug UP-TO-DATE
> Task :react-native-firebase_app:processDebugManifest UP-TO-DATE
> Task :react-native-firebase_auth:extractDeepLinksDebug UP-TO-DATE
> Task :react-native-firebase_auth:processDebugManifest UP-TO-DATE
> Task :react-native-firebase_firestore:extractDeepLinksDebug UP-TO-DATE
> Task :react-native-firebase_firestore:processDebugManifest UP-TO-DATE
> Task :react-native-gesture-handler:extractDeepLinksDebug UP-TO-DATE
> Task :react-native-gesture-handler:processDebugManifest UP-TO-DATE
> Task :react-native-google-signin_google-signin:extractDeepLinksDebug UP-TO-DATE
> Task :react-native-google-signin_google-signin:processDebugManifest UP-TO-DATE
> Task :react-native-permissions:extractDeepLinksDebug UP-TO-DATE
> Task :react-native-permissions:processDebugManifest UP-TO-DATE
> Task :react-native-reanimated:extractDeepLinksDebug UP-TO-DATE
> Task :react-native-reanimated:processDebugManifest UP-TO-DATE
> Task :react-native-safe-area-context:extractDeepLinksDebug UP-TO-DATE
> Task :react-native-safe-area-context:processDebugManifest UP-TO-DATE
> Task :react-native-screens:extractDeepLinksDebug UP-TO-DATE
> Task :react-native-screens:processDebugManifest UP-TO-DATE
> Task :react-native-sqlite-storage:extractDeepLinksDebug UP-TO-DATE
> Task :react-native-sqlite-storage:processDebugManifest UP-TO-DATE
> Task :react-native-vector-icons:extractDeepLinksDebug UP-TO-DATE
> Task :react-native-vector-icons:processDebugManifest UP-TO-DATE
> Task :app:processDebugMainManifest UP-TO-DATE
> Task :app:processDebugManifest UP-TO-DATE
> Task :app:processDebugManifestForPackage UP-TO-DATE
> Task :notifee_react-native:compileDebugLibraryResources UP-TO-DATE
> Task :notifee_react-native:parseDebugLocalResources UP-TO-DATE
> Task :notifee_react-native:generateDebugRFile UP-TO-DATE
> Task :react-native-async-storage_async-storage:compileDebugLibraryResources UP-TO-DATE
> Task :react-native-async-storage_async-storage:parseDebugLocalResources UP-TO-DATE
> Task :react-native-async-storage_async-storage:generateDebugRFile UP-TO-DATE
> Task :react-native-background-fetch:compileDebugLibraryResources UP-TO-DATE
> Task :react-native-background-fetch:parseDebugLocalResources UP-TO-DATE
> Task :react-native-background-fetch:generateDebugRFile UP-TO-DATE
> Task :react-native-contacts:compileDebugLibraryResources UP-TO-DATE
> Task :react-native-contacts:parseDebugLocalResources UP-TO-DATE
> Task :react-native-contacts:generateDebugRFile UP-TO-DATE
> Task :react-native-firebase_app:compileDebugLibraryResources UP-TO-DATE
> Task :react-native-firebase_app:parseDebugLocalResources UP-TO-DATE
> Task :react-native-firebase_app:generateDebugRFile UP-TO-DATE
> Task :react-native-firebase_auth:compileDebugLibraryResources UP-TO-DATE
> Task :react-native-firebase_auth:parseDebugLocalResources UP-TO-DATE
> Task :react-native-firebase_auth:generateDebugRFile UP-TO-DATE
> Task :react-native-firebase_firestore:compileDebugLibraryResources UP-TO-DATE
> Task :react-native-firebase_firestore:parseDebugLocalResources UP-TO-DATE
> Task :react-native-firebase_firestore:generateDebugRFile UP-TO-DATE
> Task :react-native-gesture-handler:compileDebugLibraryResources UP-TO-DATE
> Task :react-native-gesture-handler:parseDebugLocalResources UP-TO-DATE
> Task :react-native-gesture-handler:generateDebugRFile UP-TO-DATE
> Task :react-native-google-signin_google-signin:compileDebugLibraryResources UP-TO-DATE
> Task :react-native-google-signin_google-signin:parseDebugLocalResources UP-TO-DATE
> Task :react-native-google-signin_google-signin:generateDebugRFile UP-TO-DATE
> Task :react-native-permissions:compileDebugLibraryResources UP-TO-DATE
> Task :react-native-permissions:parseDebugLocalResources UP-TO-DATE
> Task :react-native-permissions:generateDebugRFile UP-TO-DATE
> Task :react-native-reanimated:compileDebugLibraryResources UP-TO-DATE
> Task :react-native-reanimated:parseDebugLocalResources UP-TO-DATE
> Task :react-native-reanimated:generateDebugRFile UP-TO-DATE
> Task :react-native-safe-area-context:compileDebugLibraryResources UP-TO-DATE
> Task :react-native-safe-area-context:parseDebugLocalResources UP-TO-DATE
> Task :react-native-safe-area-context:generateDebugRFile UP-TO-DATE
> Task :react-native-screens:compileDebugLibraryResources UP-TO-DATE
> Task :react-native-screens:parseDebugLocalResources UP-TO-DATE
> Task :react-native-screens:generateDebugRFile UP-TO-DATE
> Task :react-native-sqlite-storage:compileDebugLibraryResources UP-TO-DATE
> Task :react-native-sqlite-storage:parseDebugLocalResources UP-TO-DATE
> Task :react-native-sqlite-storage:generateDebugRFile UP-TO-DATE
> Task :react-native-vector-icons:compileDebugLibraryResources UP-TO-DATE
> Task :react-native-vector-icons:parseDebugLocalResources UP-TO-DATE
> Task :react-native-vector-icons:generateDebugRFile UP-TO-DATE
> Task :app:processDebugResources UP-TO-DATE
> Task :notifee_react-native:generateDebugBuildConfig UP-TO-DATE
> Task :notifee_react-native:javaPreCompileDebug UP-TO-DATE
> Task :notifee_react-native:compileDebugJavaWithJavac UP-TO-DATE
> Task :notifee_react-native:bundleLibCompileToJarDebug UP-TO-DATE
> Task :react-native-async-storage_async-storage:generateDebugBuildConfig UP-TO-DATE
> Task :react-native-async-storage_async-storage:javaPreCompileDebug UP-TO-DATE
> Task :react-native-async-storage_async-storage:compileDebugJavaWithJavac UP-TO-DATE
> Task :react-native-async-storage_async-storage:bundleLibCompileToJarDebug UP-TO-DATE
> Task :react-native-background-fetch:generateDebugBuildConfig UP-TO-DATE
> Task :react-native-background-fetch:javaPreCompileDebug UP-TO-DATE
> Task :react-native-background-fetch:compileDebugJavaWithJavac UP-TO-DATE
> Task :react-native-background-fetch:bundleLibCompileToJarDebug UP-TO-DATE
> Task :react-native-contacts:generateDebugBuildConfig UP-TO-DATE
> Task :react-native-contacts:javaPreCompileDebug UP-TO-DATE
> Task :react-native-contacts:compileDebugJavaWithJavac UP-TO-DATE
> Task :react-native-contacts:bundleLibCompileToJarDebug UP-TO-DATE
> Task :react-native-firebase_app:generateDebugBuildConfig UP-TO-DATE
> Task :react-native-firebase_app:javaPreCompileDebug UP-TO-DATE
> Task :react-native-firebase_app:compileDebugJavaWithJavac UP-TO-DATE
> Task :react-native-firebase_app:bundleLibCompileToJarDebug UP-TO-DATE
> Task :react-native-firebase_auth:generateDebugBuildConfig UP-TO-DATE
> Task :react-native-firebase_auth:javaPreCompileDebug UP-TO-DATE
> Task :react-native-firebase_auth:compileDebugJavaWithJavac UP-TO-DATE
> Task :react-native-firebase_auth:bundleLibCompileToJarDebug UP-TO-DATE
> Task :react-native-firebase_firestore:generateDebugBuildConfig UP-TO-DATE
> Task :react-native-firebase_firestore:javaPreCompileDebug UP-TO-DATE
> Task :react-native-firebase_firestore:compileDebugJavaWithJavac UP-TO-DATE
> Task :react-native-firebase_firestore:bundleLibCompileToJarDebug UP-TO-DATE
> Task :react-native-gesture-handler:generateDebugBuildConfig UP-TO-DATE
> Task :react-native-reanimated:generateDebugBuildConfig UP-TO-DATE
> Task :react-native-reanimated:javaPreCompileDebug UP-TO-DATE
> Task :react-native-reanimated:packageNdkLibs NO-SOURCE
> Task :react-native-reanimated:compileDebugJavaWithJavac UP-TO-DATE
> Task :react-native-reanimated:bundleLibCompileToJarDebug UP-TO-DATE
> Task :react-native-gesture-handler:compileDebugKotlin UP-TO-DATE
> Task :react-native-gesture-handler:javaPreCompileDebug UP-TO-DATE
> Task :react-native-gesture-handler:compileDebugJavaWithJavac
> Task :react-native-google-signin_google-signin:generateDebugBuildConfig UP-TO-DATE
> Task :react-native-google-signin_google-signin:compileDebugKotlin UP-TO-DATE
> Task :react-native-google-signin_google-signin:javaPreCompileDebug UP-TO-DATE
> Task :react-native-gesture-handler:bundleLibCompileToJarDebug

> Task :react-native-google-signin_google-signin:compileDebugJavaWithJavac
gradlew.bat : Note: Some input files use or override a deprecated API.
At line:1 char:63
+ ... h\FinanceApp\android'; & .\gradlew.bat app:assembleDebug 2>&1 | Tee-O ...
+                            ~~~~~~~~~~~~~~~~~~~~~~~~~~~~~~~~~~~~~~
    + CategoryInfo          : NotSpecified: (Note: Some inpu...deprecated API.:String) [], RemoteException
    + FullyQualifiedErrorId : NativeCommandError
 
Note: Recompile with -Xlint:deprecation for details.
Note: C:\Users\davinderpal.singh\FinanceApp\node_modules\@react-native-google-signin\google-signin\android\src\main\jav
a\com\reactnativegooglesignin\RNGoogleSigninModule.java uses unchecked or unsafe operations.
Note: Recompile with -Xlint:unchecked for details.

> Task :react-native-permissions:generateDebugBuildConfig UP-TO-DATE
> Task :react-native-permissions:javaPreCompileDebug UP-TO-DATE
> Task :react-native-permissions:compileDebugJavaWithJavac UP-TO-DATE
> Task :react-native-permissions:bundleLibCompileToJarDebug UP-TO-DATE
> Task :react-native-safe-area-context:generateDebugBuildConfig UP-TO-DATE
> Task :react-native-google-signin_google-signin:bundleLibCompileToJarDebug
> Task :react-native-safe-area-context:compileDebugKotlin UP-TO-DATE
> Task :react-native-safe-area-context:javaPreCompileDebug UP-TO-DATE

> Task :react-native-safe-area-context:compileDebugJavaWithJavac
Note: C:\Users\davinderpal.singh\FinanceApp\node_modules\react-native-safe-area-context\android\src\paper\java\com\th3r
dwave\safeareacontext\NativeSafeAreaContextSpec.java uses or overrides a deprecated API.
Note: Recompile with -Xlint:deprecation for details.

> Task :react-native-screens:generateDebugBuildConfig UP-TO-DATE
> Task :react-native-safe-area-context:bundleLibCompileToJarDebug
> Task :react-native-screens:compileDebugKotlin UP-TO-DATE
> Task :react-native-screens:javaPreCompileDebug UP-TO-DATE
> Task :react-native-screens:compileDebugJavaWithJavac
> Task :react-native-sqlite-storage:generateDebugBuildConfig UP-TO-DATE
> Task :react-native-sqlite-storage:javaPreCompileDebug UP-TO-DATE
> Task :react-native-sqlite-storage:compileDebugJavaWithJavac UP-TO-DATE
> Task :react-native-sqlite-storage:bundleLibCompileToJarDebug UP-TO-DATE
> Task :react-native-vector-icons:generateDebugBuildConfig UP-TO-DATE
> Task :react-native-vector-icons:javaPreCompileDebug UP-TO-DATE
> Task :react-native-vector-icons:compileDebugJavaWithJavac UP-TO-DATE
> Task :react-native-vector-icons:bundleLibCompileToJarDebug UP-TO-DATE
> Task :app:javaPreCompileDebug UP-TO-DATE
> Task :app:mergeDebugShaders UP-TO-DATE
> Task :app:compileDebugShaders NO-SOURCE
> Task :app:copyReactNativeVectorIconFonts UP-TO-DATE
> Task :app:generateDebugAssets UP-TO-DATE
> Task :notifee_react-native:mergeDebugShaders UP-TO-DATE
> Task :notifee_react-native:compileDebugShaders NO-SOURCE
> Task :notifee_react-native:generateDebugAssets UP-TO-DATE
> Task :notifee_react-native:packageDebugAssets UP-TO-DATE
> Task :react-native-async-storage_async-storage:mergeDebugShaders UP-TO-DATE
> Task :react-native-async-storage_async-storage:compileDebugShaders NO-SOURCE
> Task :react-native-async-storage_async-storage:generateDebugAssets UP-TO-DATE
> Task :react-native-async-storage_async-storage:packageDebugAssets UP-TO-DATE
> Task :react-native-background-fetch:mergeDebugShaders UP-TO-DATE
> Task :react-native-background-fetch:compileDebugShaders NO-SOURCE
> Task :react-native-background-fetch:generateDebugAssets UP-TO-DATE
> Task :react-native-background-fetch:packageDebugAssets UP-TO-DATE
> Task :react-native-contacts:mergeDebugShaders UP-TO-DATE
> Task :react-native-contacts:compileDebugShaders NO-SOURCE
> Task :react-native-contacts:generateDebugAssets UP-TO-DATE
> Task :react-native-contacts:packageDebugAssets UP-TO-DATE
> Task :react-native-firebase_app:mergeDebugShaders UP-TO-DATE
> Task :react-native-firebase_app:compileDebugShaders NO-SOURCE
> Task :react-native-firebase_app:generateDebugAssets UP-TO-DATE
> Task :react-native-firebase_app:packageDebugAssets UP-TO-DATE
> Task :react-native-firebase_auth:mergeDebugShaders UP-TO-DATE
> Task :react-native-firebase_auth:compileDebugShaders NO-SOURCE
> Task :react-native-firebase_auth:generateDebugAssets UP-TO-DATE
> Task :react-native-firebase_auth:packageDebugAssets UP-TO-DATE
> Task :react-native-firebase_firestore:mergeDebugShaders UP-TO-DATE
> Task :react-native-firebase_firestore:compileDebugShaders NO-SOURCE
> Task :react-native-firebase_firestore:generateDebugAssets UP-TO-DATE
> Task :react-native-firebase_firestore:packageDebugAssets UP-TO-DATE
> Task :react-native-gesture-handler:mergeDebugShaders UP-TO-DATE
> Task :react-native-gesture-handler:compileDebugShaders NO-SOURCE
> Task :react-native-gesture-handler:generateDebugAssets UP-TO-DATE
> Task :react-native-gesture-handler:packageDebugAssets UP-TO-DATE
> Task :react-native-google-signin_google-signin:mergeDebugShaders UP-TO-DATE
> Task :react-native-google-signin_google-signin:compileDebugShaders NO-SOURCE
> Task :react-native-google-signin_google-signin:generateDebugAssets UP-TO-DATE
> Task :react-native-screens:bundleLibCompileToJarDebug
> Task :app:compileDebugKotlin NO-SOURCE
> Task :app:compileDebugJavaWithJavac
> Task :react-native-google-signin_google-signin:packageDebugAssets UP-TO-DATE
> Task :react-native-permissions:mergeDebugShaders UP-TO-DATE
> Task :react-native-permissions:compileDebugShaders NO-SOURCE
> Task :react-native-permissions:generateDebugAssets UP-TO-DATE
> Task :react-native-permissions:packageDebugAssets UP-TO-DATE
> Task :react-native-reanimated:mergeDebugShaders UP-TO-DATE
> Task :react-native-reanimated:compileDebugShaders NO-SOURCE
> Task :react-native-reanimated:generateDebugAssets UP-TO-DATE
> Task :react-native-reanimated:packageDebugAssets UP-TO-DATE
> Task :react-native-safe-area-context:mergeDebugShaders UP-TO-DATE
> Task :react-native-safe-area-context:compileDebugShaders NO-SOURCE
> Task :react-native-safe-area-context:generateDebugAssets UP-TO-DATE
> Task :react-native-safe-area-context:packageDebugAssets UP-TO-DATE
> Task :react-native-screens:mergeDebugShaders UP-TO-DATE
> Task :react-native-screens:compileDebugShaders NO-SOURCE
> Task :react-native-screens:generateDebugAssets UP-TO-DATE
> Task :react-native-screens:packageDebugAssets UP-TO-DATE
> Task :react-native-sqlite-storage:mergeDebugShaders UP-TO-DATE
> Task :react-native-sqlite-storage:compileDebugShaders NO-SOURCE
> Task :react-native-sqlite-storage:generateDebugAssets UP-TO-DATE
> Task :react-native-sqlite-storage:packageDebugAssets UP-TO-DATE
> Task :react-native-vector-icons:mergeDebugShaders UP-TO-DATE
> Task :react-native-vector-icons:compileDebugShaders NO-SOURCE
> Task :react-native-vector-icons:generateDebugAssets UP-TO-DATE
> Task :react-native-vector-icons:packageDebugAssets UP-TO-DATE
> Task :app:mergeDebugAssets
> Task :notifee_react-native:bundleLibRuntimeToJarDebug
> Task :react-native-firebase_auth:bundleLibRuntimeToJarDebug
> Task :react-native-async-storage_async-storage:bundleLibRuntimeToJarDebug
> Task :react-native-firebase_firestore:bundleLibRuntimeToJarDebug
> Task :react-native-firebase_app:bundleLibRuntimeToJarDebug
> Task :react-native-background-fetch:bundleLibRuntimeToJarDebug
> Task :react-native-google-signin_google-signin:bundleLibRuntimeToJarDebug
> Task :react-native-contacts:bundleLibRuntimeToJarDebug
> Task :app:compressDebugAssets
> Task :react-native-permissions:bundleLibRuntimeToJarDebug
> Task :react-native-sqlite-storage:bundleLibRuntimeToJarDebug
> Task :react-native-vector-icons:bundleLibRuntimeToJarDebug
> Task :react-native-safe-area-context:bundleLibRuntimeToJarDebug
> Task :react-native-reanimated:bundleLibRuntimeToJarDebug
> Task :react-native-gesture-handler:bundleLibRuntimeToJarDebug
> Task :app:desugarDebugFileDependencies
> Task :app:processDebugJavaRes NO-SOURCE
> Task :notifee_react-native:processDebugJavaRes NO-SOURCE
> Task :react-native-async-storage_async-storage:processDebugJavaRes NO-SOURCE
> Task :react-native-background-fetch:processDebugJavaRes NO-SOURCE
> Task :react-native-contacts:processDebugJavaRes NO-SOURCE
> Task :react-native-firebase_app:processDebugJavaRes NO-SOURCE
> Task :react-native-firebase_auth:processDebugJavaRes NO-SOURCE
> Task :react-native-firebase_firestore:processDebugJavaRes NO-SOURCE
> Task :react-native-screens:bundleLibRuntimeToJarDebug
> Task :react-native-gesture-handler:processDebugJavaRes
> Task :app:dexBuilderDebug
> Task :react-native-google-signin_google-signin:processDebugJavaRes
> Task :react-native-permissions:processDebugJavaRes NO-SOURCE
> Task :react-native-reanimated:processDebugJavaRes NO-SOURCE
> Task :react-native-safe-area-context:processDebugJavaRes
> Task :react-native-screens:processDebugJavaRes
> Task :react-native-sqlite-storage:processDebugJavaRes NO-SOURCE
> Task :react-native-vector-icons:processDebugJavaRes NO-SOURCE
> Task :app:mergeDebugGlobalSynthetics
> Task :app:mergeDebugJniLibFolders
> Task :notifee_react-native:mergeDebugJniLibFolders
> Task :notifee_react-native:mergeDebugNativeLibs NO-SOURCE
> Task :notifee_react-native:copyDebugJniLibsProjectOnly
> Task :react-native-async-storage_async-storage:mergeDebugJniLibFolders
> Task :react-native-async-storage_async-storage:mergeDebugNativeLibs NO-SOURCE
> Task :react-native-async-storage_async-storage:copyDebugJniLibsProjectOnly
> Task :react-native-background-fetch:mergeDebugJniLibFolders
> Task :react-native-background-fetch:mergeDebugNativeLibs NO-SOURCE
> Task :react-native-background-fetch:copyDebugJniLibsProjectOnly
> Task :react-native-contacts:mergeDebugJniLibFolders
> Task :react-native-contacts:mergeDebugNativeLibs NO-SOURCE
> Task :react-native-contacts:copyDebugJniLibsProjectOnly
> Task :react-native-firebase_app:mergeDebugJniLibFolders
> Task :react-native-firebase_app:mergeDebugNativeLibs NO-SOURCE
> Task :react-native-firebase_app:copyDebugJniLibsProjectOnly
> Task :app:checkDebugDuplicateClasses
> Task :react-native-firebase_auth:mergeDebugJniLibFolders
> Task :react-native-firebase_auth:mergeDebugNativeLibs NO-SOURCE
> Task :react-native-firebase_auth:copyDebugJniLibsProjectOnly
> Task :react-native-firebase_firestore:mergeDebugJniLibFolders
> Task :react-native-firebase_firestore:mergeDebugNativeLibs NO-SOURCE
> Task :react-native-firebase_firestore:copyDebugJniLibsProjectOnly
> Task :react-native-gesture-handler:mergeDebugJniLibFolders
> Task :react-native-gesture-handler:mergeDebugNativeLibs NO-SOURCE
> Task :react-native-gesture-handler:copyDebugJniLibsProjectOnly
> Task :react-native-google-signin_google-signin:mergeDebugJniLibFolders
> Task :react-native-google-signin_google-signin:mergeDebugNativeLibs NO-SOURCE
> Task :react-native-google-signin_google-signin:copyDebugJniLibsProjectOnly
> Task :react-native-permissions:mergeDebugJniLibFolders
> Task :react-native-permissions:mergeDebugNativeLibs NO-SOURCE
> Task :react-native-permissions:copyDebugJniLibsProjectOnly
> Task :app:mergeProjectDexDebug
> Task :app:mergeLibDexDebug
> Task :app:mergeDebugJavaResource
> Task :app:mergeExtDexDebug
> Task :react-native-reanimated:configureCMakeDebug[x86_64]
> Task :react-native-reanimated:buildCMakeDebug[x86_64]
> Task :react-native-reanimated:mergeDebugJniLibFolders
> Task :react-native-safe-area-context:mergeDebugJniLibFolders
> Task :react-native-safe-area-context:mergeDebugNativeLibs NO-SOURCE
> Task :react-native-safe-area-context:copyDebugJniLibsProjectOnly
> Task :react-native-screens:mergeDebugJniLibFolders
> Task :react-native-screens:mergeDebugNativeLibs NO-SOURCE
> Task :react-native-screens:copyDebugJniLibsProjectOnly
> Task :react-native-sqlite-storage:mergeDebugJniLibFolders
> Task :react-native-sqlite-storage:mergeDebugNativeLibs NO-SOURCE
> Task :react-native-sqlite-storage:copyDebugJniLibsProjectOnly
> Task :react-native-vector-icons:mergeDebugJniLibFolders
> Task :react-native-vector-icons:mergeDebugNativeLibs NO-SOURCE
> Task :react-native-vector-icons:copyDebugJniLibsProjectOnly
> Task :app:validateSigningDebug
> Task :app:writeDebugAppMetadata
> Task :app:writeDebugSigningConfigVersions
> Task :react-native-reanimated:mergeDebugNativeLibs
> Task :react-native-reanimated:copyDebugJniLibsProjectOnly
> Task :app:mergeDebugNativeLibs
> Task :app:stripDebugDebugSymbols
> Task :app:packageDebug
> Task :app:createDebugApkListingFileRedirect
> Task :app:assembleDebug

Deprecated Gradle features were used in this build, making it incompatible with Gradle 9.0.

You can use '--warning-mode all' to show the individual deprecation warnings and determine if they come from your own scripts or plugins.

For more on this, please refer to https://docs.gradle.org/8.3/userguide/command_line_interface.html#sec:command_line_warnings in the Gradle documentation.

BUILD SUCCESSFUL in 2m 10s
309 actionable tasks: 80 executed, 229 up-to-date
